Starting raw eBPF Network Trace... Hit Ctrl+C to end.
UID    PID      TID      APP             SYSCALL      ARGUMENTS & DETAILS
------------------------------------------------------------------------------------------
1000   1577     1577     server1         accept4      FD: 3 | Flags: 526336
1000   1577     1577     server1         setsockopt   FD: 4 | Level: 6  | OptName: 1
1000   1577     1577     server1         setsockopt   FD: 4 | Level: 1  | OptName: 9
1000   1577     1577     server1         setsockopt   FD: 4 | Level: 6  | OptName: 5
1000   1577     1577     server1         setsockopt   FD: 4 | Level: 6  | OptName: 4
1000   1577     1577     server1         accept4      FD: 3 | Flags: 526336
1000   1577     1581     server1         read         FD: 4 | Bytes: 142 | Data: POST / HTTP/1.1 | Host: localhost:8081 | User-Agent: Go-http-client/1.1 | Conten
1000   1577     1581     server1         read         FD: 8 | Bytes: 114 | Data: TZif2
1000   1577     1581     server1         write        FD: 7 | Bytes: 1 | Data: 
1000   1577     1577     server1         read         FD: 6 | Bytes: 1 | Data: 
1000   1577     1581     server1         read         FD: 8 | Bytes: 200 | Data: # This file was automatically generated by WSL. To stop automatic generation of 
1000   1577     1581     server1         read         FD: 8 | Bytes: 526 | Data: # /etc/nsswitch.conf | # | # Example configuration of GNU Name Service Switch fu
1000   1577     1581     server1         read         FD: 8 | Bytes: 427 | Data: # This file was automatically generated by WSL. To stop automatic generation of 
1000   1577     1581     server1         connect      FD: 8 | IP: 127.0.0.1       | Port: 8082
1000   1577     1581     server1         write        FD: 7 | Bytes: 1 | Data: 
1000   1577     1581     server1         getsockopt   FD: 8 | Level: 1  | OptName: 4
1000   1577     1581     server1         getpeer      FD: 8 | 
1000   1577     1581     server1         setsockopt   FD: 8 | Level: 6  | OptName: 1
1000   1577     1581     server1         setsockopt   FD: 8 | Level: 1  | OptName: 9
1000   1577     1580     server1         read         FD: 6 | Bytes: 1 | Data: 
1000   1577     1581     server1         setsockopt   FD: 8 | Level: 6  | OptName: 5
1000   1577     1581     server1         setsockopt   FD: 8 | Level: 6  | OptName: 4
1000   1577     1581     server1         write        FD: 8 | Bytes: 142 | Data: POST / HTTP/1.1 | Host: localhost:8082 | User-Agent: Go-http-client/1.1 | Conten
1000   1577     1580     server1         read         FD: 8 | Bytes: 102 | Data: HTTP/1.1 200 OK | Content-Type: text/plain | Date: Tue, 09 Jun 2026 03:33:11 GMT
1000   1577     1580     server1         write        FD: 4 | Bytes: 102 | Data: HTTP/1.1 200 OK | Content-Type: text/plain | Date: Tue, 09 Jun 2026 03:33:11 GMT

Trace stopped by user. Log saved to ebpf_syscall_analysis.log
